{
  "appels_au_chargement": 1,
  "appels_pendant_60_pointermove": 1,
  "appels_pendant_1_clic_zone": 1,
  "appels_pendant_2_touches_clavier": 1,
  "total": 4,
  "par_statut": {
    "200": 4
  },
  "detail_par_phase": {
    "chargement": 1,
    "drag-60-moves": 1,
    "clic-zone": 1,
    "clavier-home-end": 1
  },
  "aria_apres_drag": {
    "now": "1",
    "text": "1 h, Sortie"
  },
  "aria_apres_clic_zone": {
    "now": "30",
    "text": "30 heures (1,3 jour), Raid"
  },
  "aria_home": {
    "now": "1",
    "text": "1 h, Sortie"
  },
  "aria_end": {
    "now": "720",
    "text": "720 heures (30 jours), Tour du monde"
  },
  "erreurs_console": [
    "Failed to load resource: the server responded with a status of 404 (Not Found)",
    "Refused to execute script from 'http://localhost:4028/_vercel/speed-insights/script.js' because its MIME type ('text/html') is not executable, and strict MIME type checking is enabled.",
    "Failed to load resource: the server responded with a status of 401 (Unauthorized)"
  ]
}
